main.c:96:5:main	8	static
main.c:181:6:SystemClock_Config	88	static
main.c:225:13:MX_NVIC_Init	8	static
main.c:237:13:MX_CRC_Init	8	static
main.c:262:13:MX_TIM1_Init	112	static
main.c:344:13:MX_TIM2_Init	80	static
main.c:410:13:MX_TIM3_Init	80	static
main.c:476:13:MX_TIM4_Init	80	static
main.c:542:13:MX_TIM5_Init	80	static
main.c:608:13:MX_TIM6_Init	16	static
main.c:646:13:MX_TIM8_Init	112	static
main.c:728:13:MX_TIM10_Init	40	static
main.c:774:13:MX_TIM11_Init	40	static
main.c:820:13:MX_TIM13_Init	40	static
main.c:866:13:MX_TIM14_Init	40	static
main.c:912:13:MX_USART2_UART_Init	8	static
main.c:945:13:MX_GPIO_Init	48	static
main.c:981:6:Error_Handler	4	static,ignoring_inline_asm
