Archive member included to satisfy reference by file (symbol)

/opt/st/stm32cubeide_1.7.0/plugins/com.st.stm32cube.ide.mcu.externaltools.gnu-tools-for-stm32.9-2020-q2-update.linux64_2.0.0.202105311346/tools/bin/../lib/gcc/arm-none-eabi/9.3.1/../../../../arm-none-eabi/lib/thumb/v7e-m+fp/hard/libc_nano.a(lib_a-errno.o)
                              ./Core/Src/syscalls.o (__errno)
/opt/st/stm32cubeide_1.7.0/plugins/com.st.stm32cube.ide.mcu.externaltools.gnu-tools-for-stm32.9-2020-q2-update.linux64_2.0.0.202105311346/tools/bin/../lib/gcc/arm-none-eabi/9.3.1/../../../../arm-none-eabi/lib/thumb/v7e-m+fp/hard/libc_nano.a(lib_a-exit.o)
                              /opt/st/stm32cubeide_1.7.0/plugins/com.st.stm32cube.ide.mcu.externaltools.gnu-tools-for-stm32.9-2020-q2-update.linux64_2.0.0.202105311346/tools/bin/../lib/gcc/arm-none-eabi/9.3.1/../../../../arm-none-eabi/lib/thumb/v7e-m+fp/hard/crt0.o (exit)
/opt/st/stm32cubeide_1.7.0/plugins/com.st.stm32cube.ide.mcu.externaltools.gnu-tools-for-stm32.9-2020-q2-update.linux64_2.0.0.202105311346/tools/bin/../lib/gcc/arm-none-eabi/9.3.1/../../../../arm-none-eabi/lib/thumb/v7e-m+fp/hard/libc_nano.a(lib_a-impure.o)
                              /opt/st/stm32cubeide_1.7.0/plugins/com.st.stm32cube.ide.mcu.externaltools.gnu-tools-for-stm32.9-2020-q2-update.linux64_2.0.0.202105311346/tools/bin/../lib/gcc/arm-none-eabi/9.3.1/../../../../arm-none-eabi/lib/thumb/v7e-m+fp/hard/libc_nano.a(lib_a-exit.o) (_global_impure_ptr)
/opt/st/stm32cubeide_1.7.0/plugins/com.st.stm32cube.ide.mcu.externaltools.gnu-tools-for-stm32.9-2020-q2-update.linux64_2.0.0.202105311346/tools/bin/../lib/gcc/arm-none-eabi/9.3.1/../../../../arm-none-eabi/lib/thumb/v7e-m+fp/hard/libc_nano.a(lib_a-init.o)
                              /opt/st/stm32cubeide_1.7.0/plugins/com.st.stm32cube.ide.mcu.externaltools.gnu-tools-for-stm32.9-2020-q2-update.linux64_2.0.0.202105311346/tools/bin/../lib/gcc/arm-none-eabi/9.3.1/../../../../arm-none-eabi/lib/thumb/v7e-m+fp/hard/crt0.o (__libc_init_array)
/opt/st/stm32cubeide_1.7.0/plugins/com.st.stm32cube.ide.mcu.externaltools.gnu-tools-for-stm32.9-2020-q2-update.linux64_2.0.0.202105311346/tools/bin/../lib/gcc/arm-none-eabi/9.3.1/../../../../arm-none-eabi/lib/thumb/v7e-m+fp/hard/libc_nano.a(lib_a-memset.o)
                              /opt/st/stm32cubeide_1.7.0/plugins/com.st.stm32cube.ide.mcu.externaltools.gnu-tools-for-stm32.9-2020-q2-update.linux64_2.0.0.202105311346/tools/bin/../lib/gcc/arm-none-eabi/9.3.1/../../../../arm-none-eabi/lib/thumb/v7e-m+fp/hard/crt0.o (memset)
/opt/st/stm32cubeide_1.7.0/plugins/com.st.stm32cube.ide.mcu.externaltools.gnu-tools-for-stm32.9-2020-q2-update.linux64_2.0.0.202105311346/tools/bin/../lib/gcc/arm-none-eabi/9.3.1/../../../../arm-none-eabi/lib/thumb/v7e-m+fp/hard/libc_nano.a(lib_a-vsnprintf.o)
                              ./Core/Src/utils.o (vsnprintf)
/opt/st/stm32cubeide_1.7.0/plugins/com.st.stm32cube.ide.mcu.externaltools.gnu-tools-for-stm32.9-2020-q2-update.linux64_2.0.0.202105311346/tools/bin/../lib/gcc/arm-none-eabi/9.3.1/../../../../arm-none-eabi/lib/thumb/v7e-m+fp/hard/libc_nano.a(lib_a-nano-svfprintf.o)
                              /opt/st/stm32cubeide_1.7.0/plugins/com.st.stm32cube.ide.mcu.externaltools.gnu-tools-for-stm32.9-2020-q2-update.linux64_2.0.0.202105311346/tools/bin/../lib/gcc/arm-none-eabi/9.3.1/../../../../arm-none-eabi/lib/thumb/v7e-m+fp/hard/libc_nano.a(lib_a-vsnprintf.o) (_svfprintf_r)
/opt/st/stm32cubeide_1.7.0/plugins/com.st.stm32cube.ide.mcu.externaltools.gnu-tools-for-stm32.9-2020-q2-update.linux64_2.0.0.202105311346/tools/bin/../lib/gcc/arm-none-eabi/9.3.1/../../../../arm-none-eabi/lib/thumb/v7e-m+fp/hard/libc_nano.a(lib_a-nano-vfprintf_i.o)
                              /opt/st/stm32cubeide_1.7.0/plugins/com.st.stm32cube.ide.mcu.externaltools.gnu-tools-for-stm32.9-2020-q2-update.linux64_2.0.0.202105311346/tools/bin/../lib/gcc/arm-none-eabi/9.3.1/../../../../arm-none-eabi/lib/thumb/v7e-m+fp/hard/libc_nano.a(lib_a-nano-svfprintf.o) (_printf_i)
/opt/st/stm32cubeide_1.7.0/plugins/com.st.stm32cube.ide.mcu.externaltools.gnu-tools-for-stm32.9-2020-q2-update.linux64_2.0.0.202105311346/tools/bin/../lib/gcc/arm-none-eabi/9.3.1/../../../../arm-none-eabi/lib/thumb/v7e-m+fp/hard/libc_nano.a(lib_a-memchr.o)
                              /opt/st/stm32cubeide_1.7.0/plugins/com.st.stm32cube.ide.mcu.externaltools.gnu-tools-for-stm32.9-2020-q2-update.linux64_2.0.0.202105311346/tools/bin/../lib/gcc/arm-none-eabi/9.3.1/../../../../arm-none-eabi/lib/thumb/v7e-m+fp/hard/libc_nano.a(lib_a-nano-svfprintf.o) (memchr)
/opt/st/stm32cubeide_1.7.0/plugins/com.st.stm32cube.ide.mcu.externaltools.gnu-tools-for-stm32.9-2020-q2-update.linux64_2.0.0.202105311346/tools/bin/../lib/gcc/arm-none-eabi/9.3.1/../../../../arm-none-eabi/lib/thumb/v7e-m+fp/hard/libc_nano.a(lib_a-memcpy-stub.o)
[...]
Memory Configuration

Name             Origin             Length             Attributes
RAM              0x0000000020000000 0x0000000000020000 xrw
FLASH            0x0000000008000000 0x0000000000080000 xr
*default*        0x0000000000000000 0xffffffffffffffff

Linker script and memory map

LOAD /opt/st/stm32cubeide_1.7.0/plugins/com.st.stm32cube.ide.mcu.externaltools.gnu-tools-for-stm32.9-2020-q2-update.linux64_2.0.0.202105311346/tools/bin/../lib/gcc/arm-none-eabi/9.3.1/thumb/v7e-m+fp/hard/crti.o
LOAD /opt/st/stm32cubeide_1.7.0/plugins/com.st.stm32cube.ide.mcu.externaltools.gnu-tools-for-stm32.9-2020-q2-update.linux64_2.0.0.202105311346/tools/bin/../lib/gcc/arm-none-eabi/9.3.1/thumb/v7e-m+fp/hard/crtbegin.o
LOAD /opt/st/stm32cubeide_1.7.0/plugins/com.st.stm32cube.ide.mcu.externaltools.gnu-tools-for-stm32.9-2020-q2-update.linux64_2.0.0.202105311346/tools/bin/../lib/gcc/arm-none-eabi/9.3.1/../../../../arm-none-eabi/lib/thumb/v7e-m+fp/hard/crt0.o
LOAD ./Core/Src/fsm.o
LOAD ./Core/Src/main.o
LOAD ./Core/Src/stm32f4xx_hal_msp.o
LOAD ./Core/Src/stm32f4xx_it.o
LOAD ./Core/Src/syscalls.o
LOAD ./Core/Src/sysmem.o
LOAD ./Core/Src/system_stm32f4xx.o
LOAD ./Core/Src/utils.o
LOAD ./Core/Startup/startup_stm32f446retx.o
LOAD ./Drivers/STM32F4xx_HAL_Driver/Src/stm32f4xx_hal.o
LOAD ./Drivers/STM32F4xx_HAL_Driver/Src/stm32f4xx_hal_cortex.o
LOAD ./Drivers/STM32F4xx_HAL_Driver/Src/stm32f4xx_hal_crc.o
LOAD ./Drivers/STM32F4xx_HAL_Driver/Src/stm32f4xx_hal_dma.o
LOAD ./Drivers/STM32F4xx_HAL_Driver/Src/stm32f4xx_hal_dma_ex.o
LOAD ./Drivers/STM32F4xx_HAL_Driver/Src/stm32f4xx_hal_exti.o
LOAD ./Drivers/STM32F4xx_HAL_Driver/Src/stm32f4xx_hal_flash.o
LOAD ./Drivers/STM32F4xx_HAL_Driver/Src/stm32f4xx_hal_flash_ex.o
LOAD ./Drivers/STM32F4xx_HAL_Driver/Src/stm32f4xx_hal_flash_ramfunc.o
LOAD ./Drivers/STM32F4xx_HAL_Driver/Src/stm32f4xx_hal_gpio.o
LOAD ./Drivers/STM32F4xx_HAL_Driver/Src/stm32f4xx_hal_pwr.o
LOAD ./Drivers/STM32F4xx_HAL_Driver/Src/stm32f4xx_hal_pwr_ex.o
LOAD ./Drivers/STM32F4xx_HAL_Driver/Src/stm32f4xx_hal_rcc.o
LOAD ./Drivers/STM32F4xx_HAL_Driver/Src/stm32f4xx_hal_rcc_ex.o
LOAD ./Drivers/STM32F4xx_HAL_Driver/Src/stm32f4xx_hal_tim.o
LOAD ./Drivers/STM32F4xx_HAL_Driver/Src/stm32f4xx_hal_tim_ex.o
LOAD ./Drivers/STM32F4xx_HAL_Driver/Src/stm32f4xx_hal_uart.o
START GROUP
LOAD /opt/st/stm32cubeide_1.7.0/plugins/com.st.stm32cube.ide.mcu.externaltools.gnu-tools-for-stm32.9-2020-q2-update.linux64_2.0.0.202105311346/tools/bin/../lib/gcc/arm-none-eabi/9.3.1/../../../../arm-none-eabi/lib/thumb/v7e-m+fp/hard/libc_nano.a
LOAD /opt/st/stm32cubeide_1.7.0/plugins/com.st.stm32cube.ide.mcu.externaltools.gnu-tools-for-stm32.9-2020-q2-update.linux64_2.0.0.202105311346/tools/bin/../lib/gcc/arm-none-eabi/9.3.1/../../../../arm-none-eabi/lib/thumb/v7e-m+fp/hard/libm.a
END GROUP
START GROUP
LOAD /opt/st/stm32cubeide_1.7.0/plugins/com.st.stm32cube.ide.mcu.externaltools.gnu-tools-for-stm32.9-2020-q2-update.linux64_2.0.0.202105311346/tools/bin/../lib/gcc/arm-none-eabi/9.3.1/thumb/v7e-m+fp/hard/libgcc.a
LOAD /opt/st/stm32cubeide_1.7.0/plugins/com.st.stm32cube.ide.mcu.externaltools.gnu-tools-for-stm32.9-2020-q2-update.linux64_2.0.0.202105311346/tools/bin/../lib/gcc/arm-none-eabi/9.3.1/../../../../arm-none-eabi/lib/thumb/v7e-m+fp/hard/libc_nano.a
END GROUP
START GROUP
LOAD /opt/st/stm32cubeide_1.7.0/plugins/com.st.stm32cube.ide.mcu.externaltools.gnu-tools-for-stm32.9-2020-q2-update.linux64_2.0.0.202105311346/tools/bin/../lib/gcc/arm-none-eabi/9.3.1/thumb/v7e-m+fp/hard/libgcc.a
LOAD /opt/st/stm32cubeide_1.7.0/plugins/com.st.stm32cube.ide.mcu.externaltools.gnu-tools-for-stm32.9-2020-q2-update.linux64_2.0.0.202105311346/tools/bin/../lib/gcc/arm-none-eabi/9.3.1/../../../../arm-none-eabi/lib/thumb/v7e-m+fp/hard/libc_nano.a
LOAD /opt/st/stm32cubeide_1.7.0/plugins/com.st.stm32cube.ide.mcu.externaltools.gnu-tools-for-stm32.9-2020-q2-update.linux64_2.0.0.202105311346/tools/bin/../lib/gcc/arm-none-eabi/9.3.1/../../../../arm-none-eabi/lib/thumb/v7e-m+fp/hard/libnosys.a
END GROUP
START GROUP
LOAD /opt/st/stm32cubeide_1.7.0/plugins/com.st.stm32cube.ide.mcu.externaltools.gnu-tools-for-stm32.9-2020-q2-update.linux64_2.0.0.202105311346/tools/bin/../lib/gcc/arm-none-eabi/9.3.1/thumb/v7e-m+fp/hard/libgcc.a
LOAD /opt/st/stm32cubeide_1.7.0/plugins/com.st.stm32cube.ide.mcu.externaltools.gnu-tools-for-stm32.9-2020-q2-update.linux64_2.0.0.202105311346/tools/bin/../lib/gcc/arm-none-eabi/9.3.1/../../../../arm-none-eabi/lib/thumb/v7e-m+fp/hard/libc_nano.a
LOAD /opt/st/stm32cubeide_1.7.0/plugins/com.st.stm32cube.ide.mcu.externaltools.gnu-tools-for-stm32.9-2020-q2-update.linux64_2.0.0.202105311346/tools/bin/../lib/gcc/arm-none-eabi/9.3.1/../../../../arm-none-eabi/lib/thumb/v7e-m+fp/hard/libnosys.a
END GROUP
LOAD /opt/st/stm32cubeide_1.7.0/plugins/com.st.stm32cube.ide.mcu.externaltools.gnu-tools-for-stm32.9-2020-q2-update.linux64_2.0.0.202105311346/tools/bin/../lib/gcc/arm-none-eabi/9.3.1/thumb/v7e-m+fp/hard/crtend.o
LOAD /opt/st/stm32cubeide_1.7.0/plugins/com.st.stm32cube.ide.mcu.externaltools.gnu-tools-for-stm32.9-2020-q2-update.linux64_2.0.0.202105311346/tools/bin/../lib/gcc/arm-none-eabi/9.3.1/thumb/v7e-m+fp/hard/crtn.o
                0x0000000020020000                _estack = (ORIGIN (RAM) + LENGTH (RAM))
                0x0000000000000200                _Min_Heap_Size = 0x200
                0x0000000000000400                _Min_Stack_Size = 0x400

.isr_vector     0x0000000008000000      0x1c4
                0x0000000008000000                . = ALIGN (0x4)
 *(.isr_vector)
 .isr_vector    0x0000000008000000      0x1c4 ./Core/Startup/startup_stm32f446retx.o
                0x0000000008000000                g_pfnVectors
                0x00000000080001c4                . = ALIGN (0x4)

.text           0x00000000080001d0     0xc624
                0x00000000080001d0                . = ALIGN (0x4)
 *(.text)
 .text          0x00000000080001d0       0x40 /opt/st/stm32cubeide_1.7.0/plugins/com.st.stm32cube.ide.mcu.externaltools.gnu-tools-for-stm32.9-2020-q2-update.linux64_2.0.0.202105311346/tools/bin/../lib/gcc/arm-none-eabi/9.3.1/thumb/v7e-m+fp/hard/crtbegin.o
 .text          0x0000000008000210       0xb4 ./Core/Src/main.o
                0x0000000008000210                SystemClock_Config
                0x00000000080002c0                Error_Handler
 .text          0x00000000080002c4      0x718 ./Core/Src/stm32f4xx_hal_msp.o
                0x00000000080002c4                HAL_MspInit
                0x0000000008000300                HAL_CRC_MspInit
                0x0000000008000334                HAL_CRC_MspDeInit
                0x0000000008000358                HAL_TIM_Base_MspInit
                0x0000000008000568                HAL_TIM_MspPostInit
                0x00000000080007e0                HAL_TIM_Base_MspDeInit
                0x000000000800092c                HAL_UART_MspInit
                0x00000000080009a4                HAL_UART_MspDeInit
 .text          0x00000000080009dc       0xc0 ./Core/Src/stm32f4xx_it.o
                0x00000000080009dc                NMI_Handler
                0x00000000080009e0                HardFault_Handler
                0x00000000080009e4                MemManage_Handler
                0x00000000080009e8                BusFault_Handler
                0x00000000080009ec                UsageFault_Handler
                0x00000000080009f0                SVC_Handler
                0x00000000080009f4                DebugMon_Handler
                0x00000000080009f8                PendSV_Handler
                0x00000000080009fc                SysTick_Handler
                0x0000000008000a00                USART2_IRQHandler
                0x0000000008000a5c                TIM6_DAC_IRQHandler
 .text          0x0000000008000a9c       0x4c ./Core/Src/sysmem.o
                0x0000000008000a9c                _sbrk
 .text          0x0000000008000ae8       0xb8 ./Core/Src/system_stm32f4xx.o
                0x0000000008000ae8                SystemInit
                0x0000000008000b00                SystemCoreClockUpdate
 .text          0x0000000008000ba0      0x480 ./Core/Src/utils.o
                0x0000000008000ba0                uart_interrupt_toggle
                0x0000000008000bc0                uart_printf
                0x0000000008000c08                crc32_bytes
                0x0000000008000e48                receive_program_endbyte
                0x0000000008000f10                receive_program
                0x0000000008001004                revbit
 .text          0x0000000008001020      0x254 ./Drivers/STM32F4xx_HAL_Driver/Src/stm32f4xx_hal.o
                0x0000000008001024                HAL_MspDeInit
                0x0000000008001028                HAL_DeInit
                0x0000000008001054                HAL_InitTick
                0x000000000800109c                HAL_Init
                0x00000000080010d4                HAL_IncTick
                0x00000000080010f0                HAL_GetTick
                0x00000000080010fc                HAL_GetTickPrio
                0x0000000008001108                HAL_SetTickFreq
                0x0000000008001130                HAL_GetTickFreq
                0x000000000800113c                HAL_Delay
                0x0000000008001164                HAL_SuspendTick
                0x0000000008001178                HAL_ResumeTick
                0x000000000800118c                HAL_GetHalVersion
                0x0000000008001198                HAL_GetREVID
                0x00000000080011a8                HAL_GetDEVID
                0x00000000080011b8                HAL_DBGMCU_EnableDBGSleepMode
                0x00000000080011cc                HAL_DBGMCU_DisableDBGSleepMode
                0x00000000080011e0                HAL_DBGMCU_EnableDBGStopMode
                0x00000000080011f4                HAL_DBGMCU_DisableDBGStopMode
                0x0000000008001208                HAL_DBGMCU_EnableDBGStandbyMode
                0x000000000800121c                HAL_DBGMCU_DisableDBGStandbyMode
                0x0000000008001230                HAL_EnableCompensationCell
                0x0000000008001240                HAL_DisableCompensationCell
                0x0000000008001250                HAL_GetUIDw0
                0x000000000800125c                HAL_GetUIDw1
                0x0000000008001268                HAL_GetUIDw2
 .text          0x0000000008001274      0x308 ./Drivers/STM32F4xx_HAL_Driver/Src/stm32f4xx_hal_cortex.o
                0x0000000008001274                HAL_NVIC_SetPriorityGrouping
                0x00000000080012a0                HAL_NVIC_SetPriority
                0x0000000008001314                HAL_NVIC_EnableIRQ
                0x0000000008001330                HAL_NVIC_DisableIRQ
                0x0000000008001358                HAL_NVIC_SystemReset
                0x000000000800137c                HAL_SYSTICK_Config
                0x00000000080013b0                HAL_MPU_Disable
                0x00000000080013d4                HAL_MPU_Enable
                0x00000000080013fc                HAL_MPU_ConfigRegion
                0x0000000008001450                HAL_NVIC_GetPriorityGrouping
                0x0000000008001460                HAL_NVIC_GetPriority
                0x00000000080014c4                HAL_NVIC_SetPendingIRQ
                0x00000000080014e4                HAL_NVIC_GetPendingIRQ
                0x000000000800150c                HAL_NVIC_ClearPendingIRQ
                0x000000000800152c                HAL_NVIC_GetActive
                0x0000000008001554                HAL_SYSTICK_CLKSourceConfig
                0x0000000008001570                HAL_SYSTICK_Callback
                0x0000000008001574                HAL_SYSTICK_IRQHandler
 .text          0x000000000800157c       0xcc ./Drivers/STM32F4xx_HAL_Driver/Src/stm32f4xx_hal_crc.o
                0x0000000008001580                HAL_CRC_Init
                0x00000000080015ac                HAL_CRC_DeInit
                0x00000000080015e0                HAL_CRC_Accumulate
                0x0000000008001614                HAL_CRC_Calculate
                0x0000000008001644                HAL_CRC_GetState
 .text          0x0000000008001648      0x7b0 ./Drivers/STM32F4xx_HAL_Driver/Src/stm32f4xx_hal_dma.o
                0x0000000008001648                HAL_DMA_Init
                0x0000000008001780                HAL_DMA_DeInit
                0x0000000008001808                HAL_DMA_Start
                0x0000000008001864                HAL_DMA_Start_IT
                0x00000000080018e0                HAL_DMA_Abort
                0x0000000008001970                HAL_DMA_Abort_IT
                0x0000000008001994                HAL_DMA_PollForTransfer
                0x0000000008001b38                HAL_DMA_IRQHandler
                0x0000000008001d1c                HAL_DMA_RegisterCallback
                0x0000000008001d74                HAL_DMA_UnRegisterCallback
                0x0000000008001dec                HAL_DMA_GetState
                0x0000000008001df4                HAL_DMA_GetError
 .text          0x0000000008001df8      0x444 ./Drivers/STM32F4xx_HAL_Driver/Src/stm32f4xx_hal_gpio.o
                0x0000000008001df8                HAL_GPIO_Init
                0x0000000008002048                HAL_GPIO_DeInit
                0x00000000080021c8                HAL_GPIO_ReadPin
                0x00000000080021d4                HAL_GPIO_WritePin
                0x00000000080021dc                HAL_GPIO_TogglePin
                0x00000000080021f0                HAL_GPIO_LockPin
                0x000000000800221c                HAL_GPIO_EXTI_Callback
                0x0000000008002220                HAL_GPIO_EXTI_IRQHandler
 .text          0x000000000800223c      0x888 ./Drivers/STM32F4xx_HAL_Driver/Src/stm32f4xx_hal_rcc.o
                0x00000000080026a0                HAL_RCC_MCOConfig
                0x0000000008002740                HAL_RCC_EnableCSS
                0x000000000800274c                HAL_RCC_DisableCSS
                0x00000000080027dc                HAL_RCC_ClockConfig
                0x0000000008002958                HAL_RCC_GetHCLKFreq
                0x0000000008002964                HAL_RCC_GetPCLK1Freq
                0x000000000800298c                HAL_RCC_GetPCLK2Freq
                0x0000000008002a5c                HAL_RCC_GetClockConfig
                0x0000000008002a9c                HAL_RCC_CSSCallback
                0x0000000008002aa0                HAL_RCC_NMI_IRQHandler
 .text          0x0000000008002ac4     0x11a8 ./Drivers/STM32F4xx_HAL_Driver/Src/stm32f4xx_hal_rcc_ex.o
                0x0000000008002ac4                HAL_RCCEx_PeriphCLKConfig
                0x0000000008002f8c                HAL_RCCEx_GetPeriphCLKConfig
                0x0000000008003088                HAL_RCCEx_GetPeriphCLKFreq
                0x0000000008003330                HAL_RCCEx_SelectLSEMode
                0x000000000800334c                HAL_RCCEx_EnablePLLI2S
                0x00000000080033d0                HAL_RCCEx_DisablePLLI2S
                0x0000000008003408                HAL_RCCEx_EnablePLLSAI
                0x0000000008003480                HAL_RCCEx_DisablePLLSAI
                0x00000000080034b8                HAL_RCC_GetSysClockFreq
                0x0000000008003594                HAL_RCC_DeInit
                0x0000000008003718                HAL_RCC_OscConfig
                0x0000000008003bbc                HAL_RCC_GetOscConfig
 .text          0x0000000008003c6c     0x44d4 ./Drivers/STM32F4xx_HAL_Driver/Src/stm32f4xx_hal_tim.o
                0x0000000008003c70                HAL_TIM_Base_Init
                0x0000000008003dbc                HAL_TIM_Base_DeInit
                0x0000000008003e1c                HAL_TIM_Base_Start
                0x0000000008003ea4                HAL_TIM_Base_Stop
                0x0000000008003ecc                HAL_TIM_Base_Start_IT
                0x0000000008003f5c                HAL_TIM_Base_Stop_IT
                0x0000000008003f8c                HAL_TIM_Base_Start_DMA
                0x0000000008004064                HAL_TIM_Base_Stop_DMA
                0x00000000080040a0                HAL_TIM_OC_MspInit
                0x00000000080040a4                HAL_TIM_OC_Init
                0x00000000080041ec                HAL_TIM_OC_MspDeInit
                0x00000000080041f0                HAL_TIM_OC_DeInit
                0x0000000008004250                HAL_TIM_OC_Start
                0x000000000800433c                HAL_TIM_OC_Stop
                0x00000000080043d4                HAL_TIM_OC_Start_IT
                0x000000000800452c                HAL_TIM_OC_Stop_IT
                0x0000000008004610                HAL_TIM_OC_Start_DMA
                0x00000000080048a0                HAL_TIM_OC_Stop_DMA
                0x0000000008004994                HAL_TIM_PWM_MspInit
                0x0000000008004998                HAL_TIM_PWM_Init
                0x0000000008004ae0                HAL_TIM_PWM_MspDeInit
                0x0000000008004ae4                HAL_TIM_PWM_DeInit
                0x0000000008004b44                HAL_TIM_PWM_Start
                0x0000000008004c30                HAL_TIM_PWM_Stop
                0x0000000008004cc8                HAL_TIM_PWM_Start_IT
                0x0000000008004e20                HAL_TIM_PWM_Stop_IT
                0x0000000008004f04                HAL_TIM_PWM_Start_DMA
                0x0000000008005194                HAL_TIM_PWM_Stop_DMA
                0x0000000008005288                HAL_TIM_IC_MspInit
                0x000000000800528c                HAL_TIM_IC_Init
                0x00000000080053d4                HAL_TIM_IC_MspDeInit
                0x00000000080053d8                HAL_TIM_IC_DeInit
                0x0000000008005438                HAL_TIM_IC_Start
                0x0000000008005550                HAL_TIM_IC_Stop
                0x00000000080055c4                HAL_TIM_IC_Start_IT
                0x0000000008005748                HAL_TIM_IC_Stop_IT
                0x0000000008005878                HAL_TIM_IC_Start_DMA
                0x0000000008005aec                HAL_TIM_IC_Stop_DMA
                0x0000000008005c08                HAL_TIM_OnePulse_MspInit
                0x0000000008005c0c                HAL_TIM_OnePulse_Init
                0x0000000008005d54                HAL_TIM_OnePulse_MspDeInit
                0x0000000008005d58                HAL_TIM_OnePulse_DeInit
                0x0000000008005da8                HAL_TIM_OnePulse_Start
                0x0000000008005e3c                HAL_TIM_OnePulse_Stop
                0x0000000008005ec0                HAL_TIM_OnePulse_Start_IT
                0x0000000008005f64                HAL_TIM_OnePulse_Stop_IT
                0x0000000008005ff8                HAL_TIM_Encoder_MspInit
                0x0000000008005ffc                HAL_TIM_Encoder_Init
                0x00000000080061a0                HAL_TIM_Encoder_MspDeInit
                0x00000000080061a4                HAL_TIM_Encoder_DeInit
                0x00000000080061f4                HAL_TIM_Encoder_Start
                0x00000000080062ac                HAL_TIM_Encoder_Stop
                0x000000000800634c                HAL_TIM_Encoder_Start_IT
                0x0000000008006434                HAL_TIM_Encoder_Stop_IT
                0x0000000008006510                HAL_TIM_Encoder_Start_DMA
                0x0000000008006704                HAL_TIM_Encoder_Stop_DMA
                0x00000000080067fc                HAL_TIM_OC_ConfigChannel
                0x00000000080069ec                HAL_TIM_IC_ConfigChannel
                0x0000000008006bc4                HAL_TIM_PWM_ConfigChannel
                0x0000000008006e10                HAL_TIM_OnePulse_ConfigChannel
                0x0000000008007038                HAL_TIM_DMABurst_WriteStart
                0x000000000800714c                HAL_TIM_DMABurst_MultiWriteStart
                0x0000000008007280                HAL_TIM_DMABurst_WriteStop
                0x0000000008007300                HAL_TIM_DMABurst_ReadStart
                0x0000000008007414                HAL_TIM_DMABurst_MultiReadStart
                0x0000000008007548                HAL_TIM_DMABurst_ReadStop
                0x00000000080075c8                HAL_TIM_GenerateEvent
                0x00000000080075f4                HAL_TIM_ConfigOCrefClear
                0x00000000080076d4                HAL_TIM_ConfigClockSource
                0x0000000008007834                HAL_TIM_ConfigTI1Input
                0x0000000008007844                HAL_TIM_SlaveConfigSynchro
                0x000000000800795c                HAL_TIM_SlaveConfigSynchro_IT
                0x0000000008007a74                HAL_TIM_ReadCapturedValue
                0x0000000008007aa8                HAL_TIM_PeriodElapsedCallback
                0x0000000008007ac4                HAL_TIM_PeriodElapsedHalfCpltCallback
                0x0000000008007ad4                HAL_TIM_OC_DelayElapsedCallback
                0x0000000008007ad8                HAL_TIM_IC_CaptureCallback
                0x0000000008007adc                TIM_DMACaptureCplt
                0x0000000008007b70                HAL_TIM_IC_CaptureHalfCpltCallback
                0x0000000008007b74                TIM_DMACaptureHalfCplt
                0x0000000008007bd0                HAL_TIM_PWM_PulseFinishedCallback
                0x0000000008007c58                HAL_TIM_PWM_PulseFinishedHalfCpltCallback
                0x0000000008007c5c                TIM_DMADelayPulseHalfCplt
                0x0000000008007cb8                HAL_TIM_TriggerCallback
                0x0000000008007cbc                HAL_TIM_IRQHandler
                0x0000000008007e28                HAL_TIM_TriggerHalfCpltCallback
                0x0000000008007e38                HAL_TIM_ErrorCallback
                0x0000000008007e3c                TIM_DMAError
                0x0000000008007ec0                HAL_TIM_Base_GetState
                0x0000000008007ec8                HAL_TIM_OC_GetState
                0x0000000008007ed0                HAL_TIM_PWM_GetState
                0x0000000008007ed8                HAL_TIM_IC_GetState
                0x0000000008007ee0                HAL_TIM_OnePulse_GetState
                0x0000000008007ee8                HAL_TIM_Encoder_GetState
                0x0000000008007ef0                HAL_TIM_GetActiveChannel
                0x0000000008007ef4                HAL_TIM_GetChannelState
                0x0000000008007f1c                HAL_TIM_DMABurstState
                0x0000000008007f24                TIM_Base_SetConfig
                0x0000000008008010                TIM_OC2_SetConfig
                0x0000000008008078                TIM_TI1_SetConfig
                0x0000000008008108                TIM_ETR_SetConfig
                0x0000000008008120                TIM_CCxChannelCmd
 .text          0x0000000008008140     0x1640 ./Drivers/STM32F4xx_HAL_Driver/Src/stm32f4xx_hal_tim_ex.o
                0x0000000008008228                HAL_TIMEx_HallSensor_MspInit
                0x000000000800822c                HAL_TIMEx_HallSensor_Init
                0x00000000080082f4                HAL_TIMEx_HallSensor_MspDeInit
                0x00000000080082f8                HAL_TIMEx_HallSensor_DeInit
                0x0000000008008348                HAL_TIMEx_HallSensor_Start
                0x0000000008008408                HAL_TIMEx_HallSensor_Stop
                0x000000000800844c                HAL_TIMEx_HallSensor_Start_IT
                0x0000000008008514                HAL_TIMEx_HallSensor_Stop_IT
                0x0000000008008560                HAL_TIMEx_HallSensor_Start_DMA
                0x0000000008008658                HAL_TIMEx_HallSensor_Stop_DMA
                0x00000000080086a4                HAL_TIMEx_OCN_Start
                0x0000000008008788                HAL_TIMEx_OCN_Stop
                0x000000000800880c                HAL_TIMEx_OCN_Start_IT
                0x000000000800891c                HAL_TIMEx_OCN_Stop_IT
                0x00000000080089e8                HAL_TIMEx_OCN_Start_DMA
                0x0000000008008bf0                HAL_TIMEx_OCN_Stop_DMA
                0x0000000008008cb4                HAL_TIMEx_PWMN_Start
                0x0000000008008d98                HAL_TIMEx_PWMN_Stop
                0x0000000008008e1c                HAL_TIMEx_PWMN_Start_IT
                0x0000000008008f2c                HAL_TIMEx_PWMN_Stop_IT
                0x0000000008008ff8                HAL_TIMEx_PWMN_Start_DMA
                0x0000000008009200                HAL_TIMEx_PWMN_Stop_DMA
                0x00000000080092c4                HAL_TIMEx_OnePulseN_Start
                0x0000000008009340                HAL_TIMEx_OnePulseN_Stop
                0x00000000080093c0                HAL_TIMEx_OnePulseN_Start_IT
                0x000000000800944c                HAL_TIMEx_OnePulseN_Stop_IT
                0x00000000080094dc                HAL_TIMEx_ConfigCommutEvent
                0x000000000800953c                HAL_TIMEx_ConfigCommutEvent_IT
                0x000000000800959c                HAL_TIMEx_ConfigCommutEvent_DMA
                0x000000000800961c                HAL_TIMEx_MasterConfigSynchronization
                0x00000000080096b4                HAL_TIMEx_ConfigBreakDeadTime
                0x0000000008009708                HAL_TIMEx_RemapConfig
                0x0000000008009724                HAL_TIMEx_CommutCallback
                0x0000000008009728                TIMEx_DMACommutationCplt
                0x0000000008009738                HAL_TIMEx_CommutHalfCpltCallback
                0x000000000800973c                TIMEx_DMACommutationHalfCplt
                0x000000000800974c                HAL_TIMEx_BreakCallback
                0x0000000008009750                HAL_TIMEx_HallSensor_GetState
                0x0000000008009758                HAL_TIMEx_GetChannelNState
 .text          0x0000000008009780     0x1ab0 ./Drivers/STM32F4xx_HAL_Driver/Src/stm32f4xx_hal_uart.o
                0x0000000008009784                HAL_UART_Init
                0x00000000080098c4                HAL_HalfDuplex_Init
                0x0000000008009a0c                HAL_LIN_Init
                0x0000000008009b64                HAL_MultiProcessor_Init
                0x0000000008009ccc                HAL_UART_DeInit
                0x0000000008009d00                HAL_UART_Transmit
                0x0000000008009e5c                HAL_UART_Receive
                0x0000000008009f84                HAL_UART_Transmit_IT
                0x0000000008009fc8                HAL_UART_Receive_IT
                0x000000000800a01c                HAL_UART_Transmit_DMA
                0x000000000800a0ac                HAL_UART_DMAPause
                0x000000000800a14c                HAL_UART_DMAResume
                0x000000000800a200                HAL_UART_DMAStop
                0x000000000800a2f0                HAL_UARTEx_ReceiveToIdle
                0x000000000800a418                HAL_UARTEx_ReceiveToIdle_IT
                0x000000000800a4a0                HAL_UART_Abort
                0x000000000800a58c                HAL_UART_AbortTransmit
                0x000000000800a5f8                HAL_UART_AbortReceive
                0x000000000800a6a0                HAL_UART_TxCpltCallback
                0x000000000800a6f0                HAL_UART_TxHalfCpltCallback
                0x000000000800a700                HAL_UART_RxCpltCallback
                0x000000000800a704                HAL_UART_RxHalfCpltCallback
                0x000000000800a708                HAL_UART_ErrorCallback
                0x000000000800a7d8                HAL_UART_AbortCpltCallback
                0x000000000800a7dc                HAL_UART_Abort_IT
                0x000000000800a95c                HAL_UART_AbortTransmitCpltCallback
                0x000000000800a960                HAL_UART_AbortTransmit_IT
                0x000000000800a9f4                HAL_UART_AbortReceiveCpltCallback
                0x000000000800a9f8                HAL_UART_AbortReceive_IT
                0x000000000800aad0                HAL_UARTEx_RxEventCallback
                0x000000000800aba0                HAL_UART_IRQHandler
                0x000000000800af64                HAL_LIN_SendBreak
                0x000000000800afac                HAL_MultiProcessor_EnterMuteMode
                0x000000000800aff4                HAL_MultiProcessor_ExitMuteMode
                0x000000000800b03c                HAL_HalfDuplex_EnableTransmitter
                0x000000000800b074                HAL_HalfDuplex_EnableReceiver
                0x000000000800b0ac                HAL_UART_GetState
                0x000000000800b0b8                HAL_UART_GetError
                0x000000000800b0bc                UART_Start_Receive_IT
                0x000000000800b0f4                UART_Start_Receive_DMA
                0x000000000800b198                HAL_UART_Receive_DMA
                0x000000000800b1cc                HAL_UARTEx_ReceiveToIdle_DMA
 .text          0x000000000800b230       0xa0 /opt/st/stm32cubeide_1.7.0/plugins/com.st.stm32cube.ide.mcu.externaltools.gnu-tools-for-stm32.9-2020-q2-update.linux64_2.0.0.202105311346/tools/bin/../lib/gcc/arm-none-eabi/9.3.1/../../../../arm-none-eabi/lib/thumb/v7e-m+fp/hard/libc_nano.a(lib_a-memchr.o)
                0x000000000800b230                memchr
 .text          0x000000000800b2d0       0x30 /opt/st/stm32cubeide_1.7.0/plugins/com.st.stm32cube.ide.mcu.externaltools.gnu-tools-for-stm32.9-2020-q2-update.linux64_2.0.0.202105311346/tools/bin/../lib/gcc/arm-none-eabi/9.3.1/thumb/v7e-m+fp/hard/libgcc.a(_aeabi_uldivmod.o)
                0x000000000800b2d0                __aeabi_uldivmod
 .text          0x000000000800b300      0x2c4 /opt/st/stm32cubeide_1.7.0/plugins/com.st.stm32cube.ide.mcu.externaltools.gnu-tools-for-stm32.9-2020-q2-update.linux64_2.0.0.202105311346/tools/bin/../lib/gcc/arm-none-eabi/9.3.1/thumb/v7e-m+fp/hard/libgcc.a(_udivmoddi4.o)
                0x000000000800b300                __udivmoddi4
 .text          0x000000000800b5c4        0x4 /opt/st/stm32cubeide_1.7.0/plugins/com.st.stm32cube.ide.mcu.externaltools.gnu-tools-for-stm32.9-2020-q2-update.linux64_2.0.0.202105311346/tools/bin/../lib/gcc/arm-none-eabi/9.3.1/thumb/v7e-m+fp/hard/libgcc.a(_dvmd_tls.o)
                0x000000000800b5c4                __aeabi_ldiv0
                0x000000000800b5c4                __aeabi_idiv0
 *(.text*)
 .text.startup  0x000000000800b5c8      0x8cc ./Core/Src/main.o
                0x000000000800b5c8                main
 .text.Reset_Handler
                0x000000000800be94       0x50 ./Core/Startup/startup_stm32f446retx.o
                0x000000000800be94                Reset_Handler
 .text.Default_Handler
                0x000000000800bee4        0x2 ./Core/Startup/startup_stm32f446retx.o
                0x000000000800bee4                RTC_Alarm_IRQHandler
                0x000000000800bee4                EXTI2_IRQHandler
                0x000000000800bee4                TIM8_CC_IRQHandler
                0x000000000800bee4                FMPI2C1_EV_IRQHandler
                0x000000000800bee4                SPI4_IRQHandler
                0x000000000800bee4                TIM1_CC_IRQHandler
                0x000000000800bee4                DMA2_Stream5_IRQHandler
                0x000000000800bee4                DMA1_Stream5_IRQHandler
                0x000000000800bee4                PVD_IRQHandler
                0x000000000800bee4                SDIO_IRQHandler
                0x000000000800bee4                TAMP_STAMP_IRQHandler
                0x000000000800bee4                CAN2_RX1_IRQHandler
                0x000000000800bee4                EXTI3_IRQHandler
                0x000000000800bee4                TIM8_TRG_COM_TIM14_IRQHandler
                0x000000000800bee4                TIM1_UP_TIM10_IRQHandler
                0x000000000800bee4                TIM8_UP_TIM13_IRQHandler
                0x000000000800bee4                I2C3_ER_IRQHandler
                0x000000000800bee4                EXTI0_IRQHandler
                0x000000000800bee4                I2C2_EV_IRQHandler
                0x000000000800bee4                DMA1_Stream2_IRQHandler
                0x000000000800bee4                CAN1_RX0_IRQHandler
                0x000000000800bee4                FPU_IRQHandler
                0x000000000800bee4                OTG_HS_WKUP_IRQHandler
                0x000000000800bee4                CAN2_SCE_IRQHandler
                0x000000000800bee4                DMA2_Stream2_IRQHandler
                0x000000000800bee4                SPI1_IRQHandler
                0x000000000800bee4                TIM1_BRK_TIM9_IRQHandler
                0x000000000800bee4                DCMI_IRQHandler
                0x000000000800bee4                CAN2_RX0_IRQHandler
                0x000000000800bee4                DMA2_Stream3_IRQHandler
                0x000000000800bee4                SAI2_IRQHandler
                0x000000000800bee4                USART6_IRQHandler
                0x000000000800bee4                USART3_IRQHandler
                0x000000000800bee4                CAN1_RX1_IRQHandler
                0x000000000800bee4                UART5_IRQHandler
                0x000000000800bee4                DMA2_Stream0_IRQHandler
                0x000000000800bee4                TIM4_IRQHandler
                0x000000000800bee4                QUADSPI_IRQHandler
                0x000000000800bee4                I2C1_EV_IRQHandler
                0x000000000800bee4                DMA1_Stream6_IRQHandler
                0x000000000800bee4                DMA1_Stream1_IRQHandler
                0x000000000800bee4                UART4_IRQHandler
                0x000000000800bee4                TIM3_IRQHandler
                0x000000000800bee4                RCC_IRQHandler
                0x000000000800bee4                TIM8_BRK_TIM12_IRQHandler
                0x000000000800bee4                Default_Handler
                0x000000000800bee4                CEC_IRQHandler
                0x000000000800bee4                EXTI15_10_IRQHandler
                0x000000000800bee4                ADC_IRQHandler
                0x000000000800bee4                DMA1_Stream7_IRQHandler
                0x000000000800bee4                TIM7_IRQHandler
                0x000000000800bee4                CAN2_TX_IRQHandler
                0x000000000800bee4                TIM5_IRQHandler
                0x000000000800bee4                DMA2_Stream7_IRQHandler
                0x000000000800bee4                I2C3_EV_IRQHandler
                0x000000000800bee4                EXTI9_5_IRQHandler
                0x000000000800bee4                RTC_WKUP_IRQHandler
                0x000000000800bee4                SPDIF_RX_IRQHandler
                0x000000000800bee4                SPI2_IRQHandler
                0x000000000800bee4                OTG_HS_EP1_IN_IRQHandler
                0x000000000800bee4                DMA1_Stream0_IRQHandler
                0x000000000800bee4                CAN1_TX_IRQHandler
                0x000000000800bee4                FMPI2C1_ER_IRQHandler
                0x000000000800bee4                EXTI4_IRQHandler
                0x000000000800bee4                OTG_HS_EP1_OUT_IRQHandler
                0x000000000800bee4                WWDG_IRQHandler
                0x000000000800bee4                TIM2_IRQHandler
                0x000000000800bee4                OTG_FS_WKUP_IRQHandler
                0x000000000800bee4                TIM1_TRG_COM_TIM11_IRQHandler
                0x000000000800bee4                OTG_HS_IRQHandler
                0x000000000800bee4                EXTI1_IRQHandler
                0x000000000800bee4                I2C2_ER_IRQHandler
                0x000000000800bee4                DMA2_Stream1_IRQHandler
                0x000000000800bee4                CAN1_SCE_IRQHandler
                0x000000000800bee4                FLASH_IRQHandler
                0x000000000800bee4                DMA2_Stream4_IRQHandler
                0x000000000800bee4                USART1_IRQHandler
                0x000000000800bee4                OTG_FS_IRQHandler
                0x000000000800bee4                SPI3_IRQHandler
                0x000000000800bee4                DMA1_Stream4_IRQHandler
                0x000000000800bee4                I2C1_ER_IRQHandler
                0x000000000800bee4                FMC_IRQHandler
                0x000000000800bee4                DMA2_Stream6_IRQHandler
                0x000000000800bee4                SAI1_IRQHandler
                0x000000000800bee4                DMA1_Stream3_IRQHandler
 *fill*         0x000000000800bee6        0x2 
 .text.__errno  0x000000000800bee8        0xc /opt/st/stm32cubeide_1.7.0/plugins/com.st.stm32cube.ide.mcu.externaltools.gnu-tools-for-stm32.9-2020-q2-update.linux64_2.0.0.202105311346/tools/bin/../lib/gcc/arm-none-eabi/9.3.1/../../../../arm-none-eabi/lib/thumb/v7e-m+fp/hard/libc_nano.a(lib_a-errno.o)
                0x000000000800bee8                __errno
 .text.__libc_init_array
                0x000000000800bef4       0x48 /opt/st/stm32cubeide_1.7.0/plugins/com.st.stm32cube.ide.mcu.externaltools.gnu-tools-for-stm32.9-2020-q2-update.linux64_2.0.0.202105311346/tools/bin/../lib/gcc/arm-none-eabi/9.3.1/../../../../arm-none-eabi/lib/thumb/v7e-m+fp/hard/libc_nano.a(lib_a-init.o)
                0x000000000800bef4                __libc_init_array
 .text.memset   0x000000000800bf3c       0x10 /opt/st/stm32cubeide_1.7.0/plugins/com.st.stm32cube.ide.mcu.externaltools.gnu-tools-for-stm32.9-2020-q2-update.linux64_2.0.0.202105311346/tools/bin/../lib/gcc/arm-none-eabi/9.3.1/../../../../arm-none-eabi/lib/thumb/v7e-m+fp/hard/libc_nano.a(lib_a-memset.o)
                0x000000000800bf3c                memset
 .text._vsnprintf_r
                0x000000000800bf4c       0x58 /opt/st/stm32cubeide_1.7.0/plugins/com.st.stm32cube.ide.mcu.externaltools.gnu-tools-for-stm32.9-2020-q2-update.linux64_2.0.0.202105311346/tools/bin/../lib/gcc/arm-none-eabi/9.3.1/../../../../arm-none-eabi/lib/thumb/v7e-m+fp/hard/libc_nano.a(lib_a-vsnprintf.o)
                0x000000000800bf4c                _vsnprintf_r
                0x000000000800bf4c                _vsniprintf_r
 .text.vsnprintf
                0x000000000800bfa4       0x1c /opt/st/stm32cubeide_1.7.0/plugins/com.st.stm32cube.ide.mcu.externaltools.gnu-tools-for-stm32.9-2020-q2-update.linux64_2.0.0.202105311346/tools/bin/../lib/gcc/arm-none-eabi/9.3.1/../../../../arm-none-eabi/lib/thumb/v7e-m+fp/hard/libc_nano.a(lib_a-vsnprintf.o)
                0x000000000800bfa4                vsnprintf
                0x000000000800bfa4                vsniprintf
 .text.__ssputs_r
                0x000000000800bfc0       0xb6 /opt/st/stm32cubeide_1.7.0/plugins/com.st.stm32cube.ide.mcu.externaltools.gnu-tools-for-stm32.9-2020-q2-update.linux64_2.0.0.202105311346/tools/bin/../lib/gcc/arm-none-eabi/9.3.1/../../../../arm-none-eabi/lib/thumb/v7e-m+fp/hard/libc_nano.a(lib_a-nano-svfprintf.o)
                0x000000000800bfc0                __ssputs_r
 *fill*         0x000000000800c076        0x2 
 .text._svfprintf_r
                0x000000000800c078      0x200 /opt/st/stm32cubeide_1.7.0/plugins/com.st.stm32cube.ide.mcu.externaltools.gnu-tools-for-stm32.9-2020-q2-update.linux64_2.0.0.202105311346/tools/bin/../lib/gcc/arm-none-eabi/9.3.1/../../../../arm-none-eabi/lib/thumb/v7e-m+fp/hard/libc_nano.a(lib_a-nano-svfprintf.o)
                0x000000000800c078                _svfprintf_r
                0x000000000800c078                _svfiprintf_r
 .text._printf_common
                0x000000000800c278       0xda /opt/st/stm32cubeide_1.7.0/plugins/com.st.stm32cube.ide.mcu.externaltools.gnu-tools-for-stm32.9-2020-q2-update.linux64_2.0.0.202105311346/tools/bin/../lib/gcc/arm-none-eabi/9.3.1/../../../../arm-none-eabi/lib/thumb/v7e-m+fp/hard/libc_nano.a(lib_a-nano-vfprintf_i.o)
                0x000000000800c278                _printf_common
 *fill*         0x000000000800c352        0x2 
 .text._printf_i
                0x000000000800c354      0x24c /opt/st/stm32cubeide_1.7.0/plugins/com.st.stm32cube.ide.mcu.externaltools.gnu-tools-for-stm32.9-2020-q2-update.linux64_2.0.0.202105311346/tools/bin/../lib/gcc/arm-none-eabi/9.3.1/../../../../arm-none-eabi/lib/thumb/v7e-m+fp/hard/libc_nano.a(lib_a-nano-vfprintf_i.o)
                0x000000000800c354                _printf_i
 .text.memcpy   0x000000000800c5a0       0x1c /opt/st/stm32cubeide_1.7.0/plugins/com.st.stm32cube.ide.mcu.externaltools.gnu-tools-for-stm32.9-2020-q2-update.linux64_2.0.0.202105311346/tools/bin/../lib/gcc/arm-none-eabi/9.3.1/../../../../arm-none-eabi/lib/thumb/v7e-m+fp/hard/libc_nano.a(lib_a-memcpy-stub.o)
                0x000000000800c5a0                memcpy
 .text.memmove  0x000000000800c5bc       0x34 /opt/st/stm32cubeide_1.7.0/plugins/com.st.stm32cube.ide.mcu.externaltools.gnu-tools-for-stm32.9-2020-q2-update.linux64_2.0.0.202105311346/tools/bin/../lib/gcc/arm-none-eabi/9.3.1/../../../../arm-none-eabi/lib/thumb/v7e-m+fp/hard/libc_nano.a(lib_a-memmove.o)
                0x000000000800c5bc                memmove
 .text._free_r  0x000000000800c5f0       0xa0 /opt/st/stm32cubeide_1.7.0/plugins/com.st.stm32cube.ide.mcu.externaltools.gnu-tools-for-stm32.9-2020-q2-update.linux64_2.0.0.202105311346/tools/bin/../lib/gcc/arm-none-eabi/9.3.1/../../../../arm-none-eabi/lib/thumb/v7e-m+fp/hard/libc_nano.a(lib_a-nano-freer.o)
                0x000000000800c5f0                _free_r
 .text._malloc_r
                0x000000000800c690       0xb4 /opt/st/stm32cubeide_1.7.0/plugins/com.st.stm32cube.ide.mcu.externaltools.gnu-tools-for-stm32.9-2020-q2-update.linux64_2.0.0.202105311346/tools/bin/../lib/gcc/arm-none-eabi/9.3.1/../../../../arm-none-eabi/lib/thumb/v7e-m+fp/hard/libc_nano.a(lib_a-nano-mallocr.o)
                0x000000000800c690                _malloc_r
 .text._realloc_r
                0x000000000800c744       0x4c /opt/st/stm32cubeide_1.7.0/plugins/com.st.stm32cube.ide.mcu.externaltools.gnu-tools-for-stm32.9-2020-q2-update.linux64_2.0.0.202105311346/tools/bin/../lib/gcc/arm-none-eabi/9.3.1/../../../../arm-none-eabi/lib/thumb/v7e-m+fp/hard/libc_nano.a(lib_a-nano-reallocr.o)
                0x000000000800c744                _realloc_r
 .text._sbrk_r  0x000000000800c790       0x20 /opt/st/stm32cubeide_1.7.0/plugins/com.st.stm32cube.ide.mcu.externaltools.gnu-tools-for-stm32.9-2020-q2-update.linux64_2.0.0.202105311346/tools/bin/../lib/gcc/arm-none-eabi/9.3.1/../../../../arm-none-eabi/lib/thumb/v7e-m+fp/hard/libc_nano.a(lib_a-sbrkr.o)
                0x000000000800c790                _sbrk_r
 .text.__malloc_lock
                0x000000000800c7b0        0xc /opt/st/stm32cubeide_1.7.0/plugins/com.st.stm32cube.ide.mcu.externaltools.gnu-tools-for-stm32.9-2020-q2-update.linux64_2.0.0.202105311346/tools/bin/../lib/gcc/arm-none-eabi/9.3.1/../../../../arm-none-eabi/lib/thumb/v7e-m+fp/hard/libc_nano.a(lib_a-mlock.o)
                0x000000000800c7b0                __malloc_lock
 .text.__malloc_unlock
                0x000000000800c7bc        0xc /opt/st/stm32cubeide_1.7.0/plugins/com.st.stm32cube.ide.mcu.externaltools.gnu-tools-for-stm32.9-2020-q2-update.linux64_2.0.0.202105311346/tools/bin/../lib/gcc/arm-none-eabi/9.3.1/../../../../arm-none-eabi/lib/thumb/v7e-m+fp/hard/libc_nano.a(lib_a-mlock.o)
                0x000000000800c7bc                __malloc_unlock
 .text._malloc_usable_size_r
                0x000000000800c7c8       0x10 /opt/st/stm32cubeide_1.7.0/plugins/com.st.stm32cube.ide.mcu.externaltools.gnu-tools-for-stm32.9-2020-q2-update.linux64_2.0.0.202105311346/tools/bin/../lib/gcc/arm-none-eabi/9.3.1/../../../../arm-none-eabi/lib/thumb/v7e-m+fp/hard/libc_nano.a(lib_a-nano-msizer.o)
                0x000000000800c7c8                _malloc_usable_size_r
 .text.__retarget_lock_acquire_recursive
                0x000000000800c7d8        0x2 /opt/st/stm32cubeide_1.7.0/plugins/com.st.stm32cube.ide.mcu.externaltools.gnu-tools-for-stm32.9-2020-q2-update.linux64_2.0.0.202105311346/tools/bin/../lib/gcc/arm-none-eabi/9.3.1/../../../../arm-none-eabi/lib/thumb/v7e-m+fp/hard/libc_nano.a(lib_a-lock.o)
                0x000000000800c7d8                __retarget_lock_acquire_recursive
 .text.__retarget_lock_release_recursive
                0x000000000800c7da        0x2 /opt/st/stm32cubeide_1.7.0/plugins/com.st.stm32cube.ide.mcu.externaltools.gnu-tools-for-stm32.9-2020-q2-update.linux64_2.0.0.202105311346/tools/bin/../lib/gcc/arm-none-eabi/9.3.1/../../../../arm-none-eabi/lib/thumb/v7e-m+fp/hard/libc_nano.a(lib_a-lock.o)
                0x000000000800c7da                __retarget_lock_release_recursive
 *(.glue_7)
 .glue_7        0x000000000800c7dc        0x0 linker stubs
 *(.glue_7t)
 .glue_7t       0x000000000800c7dc        0x0 linker stubs
 *(.eh_frame)
 .eh_frame      0x000000000800c7dc        0x0 /opt/st/stm32cubeide_1.7.0/plugins/com.st.stm32cube.ide.mcu.externaltools.gnu-tools-for-stm32.9-2020-q2-update.linux64_2.0.0.202105311346/tools/bin/../lib/gcc/arm-none-eabi/9.3.1/thumb/v7e-m+fp/hard/crtbegin.o
 *(.init)
 .init          0x000000000800c7dc        0x4 /opt/st/stm32cubeide_1.7.0/plugins/com.st.stm32cube.ide.mcu.externaltools.gnu-tools-for-stm32.9-2020-q2-update.linux64_2.0.0.202105311346/tools/bin/../lib/gcc/arm-none-eabi/9.3.1/thumb/v7e-m+fp/hard/crti.o
                0x000000000800c7dc                _init
 .init          0x000000000800c7e0        0x8 /opt/st/stm32cubeide_1.7.0/plugins/com.st.stm32cube.ide.mcu.externaltools.gnu-tools-for-stm32.9-2020-q2-update.linux64_2.0.0.202105311346/tools/bin/../lib/gcc/arm-none-eabi/9.3.1/thumb/v7e-m+fp/hard/crtn.o
 *(.fini)
 .fini          0x000000000800c7e8        0x4 /opt/st/stm32cubeide_1.7.0/plugins/com.st.stm32cube.ide.mcu.externaltools.gnu-tools-for-stm32.9-2020-q2-update.linux64_2.0.0.202105311346/tools/bin/../lib/gcc/arm-none-eabi/9.3.1/thumb/v7e-m+fp/hard/crti.o
                0x000000000800c7e8                _fini
 .fini          0x000000000800c7ec        0x8 /opt/st/stm32cubeide_1.7.0/plugins/com.st.stm32cube.ide.mcu.externaltools.gnu-tools-for-stm32.9-2020-q2-update.linux64_2.0.0.202105311346/tools/bin/../lib/gcc/arm-none-eabi/9.3.1/thumb/v7e-m+fp/hard/crtn.o
                0x000000000800c7f4                . = ALIGN (0x4)
                0x000000000800c7f4                _etext = .

.vfp11_veneer   0x000000000800c7f4        0x0
 .vfp11_veneer  0x000000000800c7f4        0x0 linker stubs

.v4_bx          0x000000000800c7f4        0x0
 .v4_bx         0x000000000800c7f4        0x0 linker stubs

.iplt           0x000000000800c7f4        0x0
 .iplt          0x000000000800c7f4        0x0 /opt/st/stm32cubeide_1.7.0/plugins/com.st.stm32cube.ide.mcu.externaltools.gnu-tools-for-stm32.9-2020-q2-update.linux64_2.0.0.202105311346/tools/bin/../lib/gcc/arm-none-eabi/9.3.1/thumb/v7e-m+fp/hard/crtbegin.o

.rodata         0x000000000800c7f4      0x130
                0x000000000800c7f4                . = ALIGN (0x4)
 *(.rodata)
 .rodata        0x000000000800c7f4       0x18 ./Core/Src/system_stm32f4xx.o
                0x000000000800c7f4                AHBPrescTable
                0x000000000800c804                APBPrescTable
 .rodata        0x000000000800c80c        0x8 ./Drivers/STM32F4xx_HAL_Driver/Src/stm32f4xx_hal_dma.o
 *(.rodata*)
 .rodata.str1.4
                0x000000000800c814       0x62 ./Core/Src/main.o
 *fill*         0x000000000800c876        0x2 
 .rodata.str1.4
                0x000000000800c878       0x78 ./Core/Src/utils.o
 .rodata._svfprintf_r.str1.1
                0x000000000800c8f0       0x11 /opt/st/stm32cubeide_1.7.0/plugins/com.st.stm32cube.ide.mcu.externaltools.gnu-tools-for-stm32.9-2020-q2-update.linux64_2.0.0.202105311346/tools/bin/../lib/gcc/arm-none-eabi/9.3.1/../../../../arm-none-eabi/lib/thumb/v7e-m+fp/hard/libc_nano.a(lib_a-nano-svfprintf.o)
 .rodata._printf_i.str1.1
                0x000000000800c901       0x22 /opt/st/stm32cubeide_1.7.0/plugins/com.st.stm32cube.ide.mcu.externaltools.gnu-tools-for-stm32.9-2020-q2-update.linux64_2.0.0.202105311346/tools/bin/../lib/gcc/arm-none-eabi/9.3.1/../../../../arm-none-eabi/lib/thumb/v7e-m+fp/hard/libc_nano.a(lib_a-nano-vfprintf_i.o)
                0x000000000800c924                . = ALIGN (0x4)
 *fill*         0x000000000800c923        0x1 

.ARM.extab      0x000000000800c924        0x0
                0x000000000800c924                . = ALIGN (0x4)
 *(.ARM.extab* .gnu.linkonce.armextab.*)
                0x000000000800c924                . = ALIGN (0x4)

.ARM            0x000000000800c924        0x8
                0x000000000800c924                . = ALIGN (0x4)
                0x000000000800c924                __exidx_start = .
 *(.ARM.exidx*)
 .ARM.exidx     0x000000000800c924        0x8 /opt/st/stm32cubeide_1.7.0/plugins/com.st.stm32cube.ide.mcu.externaltools.gnu-tools-for-stm32.9-2020-q2-update.linux64_2.0.0.202105311346/tools/bin/../lib/gcc/arm-none-eabi/9.3.1/thumb/v7e-m+fp/hard/libgcc.a(_udivmoddi4.o)
                0x000000000800c92c                __exidx_end = .
                0x000000000800c92c                . = ALIGN (0x4)

.rel.dyn        0x000000000800c92c        0x0
 .rel.iplt      0x000000000800c92c        0x0 /opt/st/stm32cubeide_1.7.0/plugins/com.st.stm32cube.ide.mcu.externaltools.gnu-tools-for-stm32.9-2020-q2-update.linux64_2.0.0.202105311346/tools/bin/../lib/gcc/arm-none-eabi/9.3.1/thumb/v7e-m+fp/hard/crtbegin.o

.preinit_array  0x000000000800c92c        0x0
                0x000000000800c92c                . = ALIGN (0x4)
                0x000000000800c92c                PROVIDE (__preinit_array_start = .)
 *(.preinit_array*)
                0x000000000800c92c                PROVIDE (__preinit_array_end = .)
                0x000000000800c92c                . = ALIGN (0x4)

.init_array     0x000000000800c92c        0x4
                0x000000000800c92c                . = ALIGN (0x4)
                0x000000000800c92c                PROVIDE (__init_array_start = .)
 *(SORT_BY_NAME(.init_array.*))
 *(.init_array*)
 .init_array    0x000000000800c92c        0x4 /opt/st/stm32cubeide_1.7.0/plugins/com.st.stm32cube.ide.mcu.externaltools.gnu-tools-for-stm32.9-2020-q2-update.linux64_2.0.0.202105311346/tools/bin/../lib/gcc/arm-none-eabi/9.3.1/thumb/v7e-m+fp/hard/crtbegin.o
                0x000000000800c930                PROVIDE (__init_array_end = .)
                0x000000000800c930                . = ALIGN (0x4)

.fini_array     0x000000000800c930        0x4
                0x000000000800c930                . = ALIGN (0x4)
                [!provide]                        PROVIDE (__fini_array_start = .)
 *(SORT_BY_NAME(.fini_array.*))
 *(.fini_array*)
 .fini_array    0x000000000800c930        0x4 /opt/st/stm32cubeide_1.7.0/plugins/com.st.stm32cube.ide.mcu.externaltools.gnu-tools-for-stm32.9-2020-q2-update.linux64_2.0.0.202105311346/tools/bin/../lib/gcc/arm-none-eabi/9.3.1/thumb/v7e-m+fp/hard/crtbegin.o
                [!provide]                        PROVIDE (__fini_array_end = .)
                0x000000000800c934                . = ALIGN (0x4)
                0x000000000800c934                _sidata = LOADADDR (.data)

.data           0x0000000020000000       0x70 load address 0x000000000800c934
                0x0000000020000000                . = ALIGN (0x4)
                0x0000000020000000                _sdata = .
 *(.data)
 .data          0x0000000020000000        0x4 ./Core/Src/system_stm32f4xx.o
                0x0000000020000000                SystemCoreClock
 .data          0x0000000020000004        0x8 ./Drivers/STM32F4xx_HAL_Driver/Src/stm32f4xx_hal.o
                0x0000000020000004                uwTickFreq
                0x0000000020000008                uwTickPrio
 *(.data*)
 .data._impure_ptr
                0x000000002000000c        0x4 /opt/st/stm32cubeide_1.7.0/plugins/com.st.stm32cube.ide.mcu.externaltools.gnu-tools-for-stm32.9-2020-q2-update.linux64_2.0.0.202105311346/tools/bin/../lib/gcc/arm-none-eabi/9.3.1/../../../../arm-none-eabi/lib/thumb/v7e-m+fp/hard/libc_nano.a(lib_a-impure.o)
                0x000000002000000c                _impure_ptr
 .data.impure_data
                0x0000000020000010       0x60 /opt/st/stm32cubeide_1.7.0/plugins/com.st.stm32cube.ide.mcu.externaltools.gnu-tools-for-stm32.9-2020-q2-update.linux64_2.0.0.202105311346/tools/bin/../lib/gcc/arm-none-eabi/9.3.1/../../../../arm-none-eabi/lib/thumb/v7e-m+fp/hard/libc_nano.a(lib_a-impure.o)
 *(.RamFunc)
 *(.RamFunc*)
                0x0000000020000070                . = ALIGN (0x4)
                0x0000000020000070                _edata = .

.igot.plt       0x0000000020000070        0x0 load address 0x000000000800c9a4
 .igot.plt      0x0000000020000070        0x0 /opt/st/stm32cubeide_1.7.0/plugins/com.st.stm32cube.ide.mcu.externaltools.gnu-tools-for-stm32.9-2020-q2-update.linux64_2.0.0.202105311346/tools/bin/../lib/gcc/arm-none-eabi/9.3.1/thumb/v7e-m+fp/hard/crtbegin.o
                0x0000000020000070                . = ALIGN (0x4)

.bss            0x0000000020000070     0x4bbc load address 0x000000000800c9a4
                0x0000000020000070                _sbss = .
                0x0000000020000070                __bss_start__ = _sbss
 *(.bss)
 .bss           0x0000000020000070       0x1c /opt/st/stm32cubeide_1.7.0/plugins/com.st.stm32cube.ide.mcu.externaltools.gnu-tools-for-stm32.9-2020-q2-update.linux64_2.0.0.202105311346/tools/bin/../lib/gcc/arm-none-eabi/9.3.1/thumb/v7e-m+fp/hard/crtbegin.o
 .bss           0x000000002000008c        0x5 ./Core/Src/main.o
                0x000000002000008c                uart_receive_end
                0x0000000020000090                fsm_state
 *fill*         0x0000000020000091        0x3 
 .bss           0x0000000020000094        0x4 ./Core/Src/sysmem.o
 *(.bss*)
 .bss.__malloc_free_list
                0x0000000020000098        0x4 /opt/st/stm32cubeide_1.7.0/plugins/com.st.stm32cube.ide.mcu.externaltools.gnu-tools-for-stm32.9-2020-q2-update.linux64_2.0.0.202105311346/tools/bin/../lib/gcc/arm-none-eabi/9.3.1/../../../../arm-none-eabi/lib/thumb/v7e-m+fp/hard/libc_nano.a(lib_a-nano-mallocr.o)
                0x0000000020000098                __malloc_free_list
 .bss.__malloc_sbrk_start
                0x000000002000009c        0x4 /opt/st/stm32cubeide_1.7.0/plugins/com.st.stm32cube.ide.mcu.externaltools.gnu-tools-for-stm32.9-2020-q2-update.linux64_2.0.0.202105311346/tools/bin/../lib/gcc/arm-none-eabi/9.3.1/../../../../arm-none-eabi/lib/thumb/v7e-m+fp/hard/libc_nano.a(lib_a-nano-mallocr.o)
                0x000000002000009c                __malloc_sbrk_start
 *(COMMON)
 COMMON         0x00000000200000a0     0x4b74 ./Core/Src/fsm.o
                0x00000000200000a0                uartsendbuffer
                0x00000000200004a0                progbuftop
                0x00000000200004a4                htim8
                0x00000000200004ec                htim4
                0x0000000020000534                uartrecbuffer
                0x0000000020000934                htim10
                0x000000002000097c                hcrc
                0x0000000020000984                htim5
                0x00000000200009cc                htim3
                0x0000000020000a14                htim13
                0x0000000020000a5c                htim11
                0x0000000020000aa4                uartrecbufftop
                0x0000000020000aa8                programm_buffer
                0x0000000020004aa8                current_us
                0x0000000020004aac                htim6
                0x0000000020004af4                htim1
                0x0000000020004b3c                htim2
                0x0000000020004b84                huart2
                0x0000000020004bc8                htim14
                0x0000000020004c10                ret
 COMMON         0x0000000020004c14        0x4 ./Core/Src/main.o
                0x0000000020004c14                nchars
 COMMON         0x0000000020004c18        0x4 ./Drivers/STM32F4xx_HAL_Driver/Src/stm32f4xx_hal.o
                0x0000000020004c18                uwTick
 COMMON         0x0000000020004c1c        0x4 /opt/st/stm32cubeide_1.7.0/plugins/com.st.stm32cube.ide.mcu.externaltools.gnu-tools-for-stm32.9-2020-q2-update.linux64_2.0.0.202105311346/tools/bin/../lib/gcc/arm-none-eabi/9.3.1/../../../../arm-none-eabi/lib/thumb/v7e-m+fp/hard/libc_nano.a(lib_a-reent.o)
                0x0000000020004c1c                errno
 COMMON         0x0000000020004c20        0x9 /opt/st/stm32cubeide_1.7.0/plugins/com.st.stm32cube.ide.mcu.externaltools.gnu-tools-for-stm32.9-2020-q2-update.linux64_2.0.0.202105311346/tools/bin/../lib/gcc/arm-none-eabi/9.3.1/../../../../arm-none-eabi/lib/thumb/v7e-m+fp/hard/libc_nano.a(lib_a-lock.o)
                0x0000000020004c20                __lock___atexit_recursive_mutex
                0x0000000020004c21                __lock___arc4random_mutex
                0x0000000020004c22                __lock___env_recursive_mutex
                0x0000000020004c23                __lock___sinit_recursive_mutex
                0x0000000020004c24                __lock___malloc_recursive_mutex
                0x0000000020004c25                __lock___at_quick_exit_mutex
                0x0000000020004c26                __lock___dd_hash_mutex
                0x0000000020004c27                __lock___tz_mutex
                0x0000000020004c28                __lock___sfp_recursive_mutex
                0x0000000020004c2c                . = ALIGN (0x4)
 *fill*         0x0000000020004c29        0x3 
                0x0000000020004c2c                _ebss = .
                0x0000000020004c2c                __bss_end__ = _ebss

._user_heap_stack
                0x0000000020004c2c      0x604 load address 0x000000000800c9a4
                0x0000000020004c30                . = ALIGN (0x8)
 *fill*         0x0000000020004c2c        0x4 
                [!provide]                        PROVIDE (end = .)
                0x0000000020004c30                PROVIDE (_end = .)
                0x0000000020004e30                . = (. + _Min_Heap_Size)
 *fill*         0x0000000020004c30      0x200 
                0x0000000020005230                . = (. + _Min_Stack_Size)
 *fill*         0x0000000020004e30      0x400 
                0x0000000020005230                . = ALIGN (0x8)

/DISCARD/
 libc.a(*)
 libm.a(*)
 libgcc.a(*)

.ARM.attributes
                0x0000000000000000       0x30
 *(.ARM.attributes)
 .ARM.attributes
                0x0000000000000000       0x1e /opt/st/stm32cubeide_1.7.0/plugins/com.st.stm32cube.ide.mcu.externaltools.gnu-tools-for-stm32.9-2020-q2-update.linux64_2.0.0.202105311346/tools/bin/../lib/gcc/arm-none-eabi/9.3.1/thumb/v7e-m+fp/hard/crti.o
 .ARM.attributes
                0x000000000000001e       0x34 /opt/st/stm32cubeide_1.7.0/plugins/com.st.stm32cube.ide.mcu.externaltools.gnu-tools-for-stm32.9-2020-q2-update.linux64_2.0.0.202105311346/tools/bin/../lib/gcc/arm-none-eabi/9.3.1/thumb/v7e-m+fp/hard/crtbegin.o
 .ARM.attributes
                0x0000000000000052       0x35 ./Core/Src/fsm.o
 .ARM.attributes
                0x0000000000000087       0x30 ./Core/Src/main.o
 .ARM.attributes
                0x00000000000000b7       0x30 ./Core/Src/stm32f4xx_hal_msp.o
 .ARM.attributes
                0x00000000000000e7       0x30 ./Core/Src/stm32f4xx_it.o
 .ARM.attributes
                0x0000000000000117       0x30 ./Core/Src/sysmem.o
 .ARM.attributes
                0x0000000000000147       0x30 ./Core/Src/system_stm32f4xx.o
 .ARM.attributes
                0x0000000000000177       0x30 ./Core/Src/utils.o
 .ARM.attributes
                0x00000000000001a7       0x21 ./Core/Startup/startup_stm32f446retx.o
 .ARM.attributes
                0x00000000000001c8       0x30 ./Drivers/STM32F4xx_HAL_Driver/Src/stm32f4xx_hal.o
 .ARM.attributes
                0x00000000000001f8       0x30 ./Drivers/STM32F4xx_HAL_Driver/Src/stm32f4xx_hal_cortex.o
 .ARM.attributes
                0x0000000000000228       0x30 ./Drivers/STM32F4xx_HAL_Driver/Src/stm32f4xx_hal_crc.o
 .ARM.attributes
                0x0000000000000258       0x30 ./Drivers/STM32F4xx_HAL_Driver/Src/stm32f4xx_hal_dma.o
 .ARM.attributes
                0x0000000000000288       0x30 ./Drivers/STM32F4xx_HAL_Driver/Src/stm32f4xx_hal_gpio.o
 .ARM.attributes
                0x00000000000002b8       0x30 ./Drivers/STM32F4xx_HAL_Driver/Src/stm32f4xx_hal_rcc.o
 .ARM.attributes
                0x00000000000002e8       0x30 ./Drivers/STM32F4xx_HAL_Driver/Src/stm32f4xx_hal_rcc_ex.o
 .ARM.attributes
                0x0000000000000318       0x30 ./Drivers/STM32F4xx_HAL_Driver/Src/stm32f4xx_hal_tim.o
 .ARM.attributes
                0x0000000000000348       0x30 ./Drivers/STM32F4xx_HAL_Driver/Src/stm32f4xx_hal_tim_ex.o
 .ARM.attributes
                0x0000000000000378       0x30 ./Drivers/STM32F4xx_HAL_Driver/Src/stm32f4xx_hal_uart.o
 .ARM.attributes
                0x00000000000003a8       0x34 /opt/st/stm32cubeide_1.7.0/plugins/com.st.stm32cube.ide.mcu.externaltools.gnu-tools-for-stm32.9-2020-q2-update.linux64_2.0.0.202105311346/tools/bin/../lib/gcc/arm-none-eabi/9.3.1/../../../../arm-none-eabi/lib/thumb/v7e-m+fp/hard/libc_nano.a(lib_a-errno.o)
 .ARM.attributes
                0x00000000000003dc       0x32 /opt/st/stm32cubeide_1.7.0/plugins/com.st.stm32cube.ide.mcu.externaltools.gnu-tools-for-stm32.9-2020-q2-update.linux64_2.0.0.202105311346/tools/bin/../lib/gcc/arm-none-eabi/9.3.1/../../../../arm-none-eabi/lib/thumb/v7e-m+fp/hard/libc_nano.a(lib_a-impure.o)
 .ARM.attributes
                0x000000000000040e       0x34 /opt/st/stm32cubeide_1.7.0/plugins/com.st.stm32cube.ide.mcu.externaltools.gnu-tools-for-stm32.9-2020-q2-update.linux64_2.0.0.202105311346/tools/bin/../lib/gcc/arm-none-eabi/9.3.1/../../../../arm-none-eabi/lib/thumb/v7e-m+fp/hard/libc_nano.a(lib_a-init.o)
 .ARM.attributes
                0x0000000000000442       0x34 /opt/st/stm32cubeide_1.7.0/plugins/com.st.stm32cube.ide.mcu.externaltools.gnu-tools-for-stm32.9-2020-q2-update.linux64_2.0.0.202105311346/tools/bin/../lib/gcc/arm-none-eabi/9.3.1/../../../../arm-none-eabi/lib/thumb/v7e-m+fp/hard/libc_nano.a(lib_a-memset.o)
 .ARM.attributes
                0x0000000000000476       0x34 /opt/st/stm32cubeide_1.7.0/plugins/com.st.stm32cube.ide.mcu.externaltools.gnu-tools-for-stm32.9-2020-q2-update.linux64_2.0.0.202105311346/tools/bin/../lib/gcc/arm-none-eabi/9.3.1/../../../../arm-none-eabi/lib/thumb/v7e-m+fp/hard/libc_nano.a(lib_a-vsnprintf.o)
 .ARM.attributes
                0x00000000000004aa       0x34 /opt/st/stm32cubeide_1.7.0/plugins/com.st.stm32cube.ide.mcu.externaltools.gnu-tools-for-stm32.9-2020-q2-update.linux64_2.0.0.202105311346/tools/bin/../lib/gcc/arm-none-eabi/9.3.1/../../../../arm-none-eabi/lib/thumb/v7e-m+fp/hard/libc_nano.a(lib_a-nano-svfprintf.o)
 .ARM.attributes
                0x00000000000004de       0x34 /opt/st/stm32cubeide_1.7.0/plugins/com.st.stm32cube.ide.mcu.externaltools.gnu-tools-for-stm32.9-2020-q2-update.linux64_2.0.0.202105311346/tools/bin/../lib/gcc/arm-none-eabi/9.3.1/../../../../arm-none-eabi/lib/thumb/v7e-m+fp/hard/libc_nano.a(lib_a-nano-vfprintf_i.o)
 .ARM.attributes
                0x0000000000000512       0x1c /opt/st/stm32cubeide_1.7.0/plugins/com.st.stm32cube.ide.mcu.externaltools.gnu-tools-for-stm32.9-2020-q2-update.linux64_2.0.0.202105311346/tools/bin/../lib/gcc/arm-none-eabi/9.3.1/../../../../arm-none-eabi/lib/thumb/v7e-m+fp/hard/libc_nano.a(lib_a-memchr.o)
 .ARM.attributes
                0x000000000000052e       0x34 /opt/st/stm32cubeide_1.7.0/plugins/com.st.stm32cube.ide.mcu.externaltools.gnu-tools-for-stm32.9-2020-q2-update.linux64_2.0.0.202105311346/tools/bin/../lib/gcc/arm-none-eabi/9.3.1/../../../../arm-none-eabi/lib/thumb/v7e-m+fp/hard/libc_nano.a(lib_a-memcpy-stub.o)
 .ARM.attributes
                0x0000000000000562       0x34 /opt/st/stm32cubeide_1.7.0/plugins/com.st.stm32cube.ide.mcu.externaltools.gnu-tools-for-stm32.9-2020-q2-update.linux64_2.0.0.202105311346/tools/bin/../lib/gcc/arm-none-eabi/9.3.1/../../../../arm-none-eabi/lib/thumb/v7e-m+fp/hard/libc_nano.a(lib_a-memmove.o)
 .ARM.attributes
                0x0000000000000596       0x34 /opt/st/stm32cubeide_1.7.0/plugins/com.st.stm32cube.ide.mcu.externaltools.gnu-tools-for-stm32.9-2020-q2-update.linux64_2.0.0.202105311346/tools/bin/../lib/gcc/arm-none-eabi/9.3.1/../../../../arm-none-eabi/lib/thumb/v7e-m+fp/hard/libc_nano.a(lib_a-nano-freer.o)
 .ARM.attributes
                0x00000000000005ca       0x34 /opt/st/stm32cubeide_1.7.0/plugins/com.st.stm32cube.ide.mcu.externaltools.gnu-tools-for-stm32.9-2020-q2-update.linux64_2.0.0.202105311346/tools/bin/../lib/gcc/arm-none-eabi/9.3.1/../../../../arm-none-eabi/lib/thumb/v7e-m+fp/hard/libc_nano.a(lib_a-nano-mallocr.o)
 .ARM.attributes
                0x00000000000005fe       0x34 /opt/st/stm32cubeide_1.7.0/plugins/com.st.stm32cube.ide.mcu.externaltools.gnu-tools-for-stm32.9-2020-q2-update.linux64_2.0.0.202105311346/tools/bin/../lib/gcc/arm-none-eabi/9.3.1/../../../../arm-none-eabi/lib/thumb/v7e-m+fp/hard/libc_nano.a(lib_a-nano-reallocr.o)
 .ARM.attributes
                0x0000000000000632       0x34 /opt/st/stm32cubeide_1.7.0/plugins/com.st.stm32cube.ide.mcu.externaltools.gnu-tools-for-stm32.9-2020-q2-update.linux64_2.0.0.202105311346/tools/bin/../lib/gcc/arm-none-eabi/9.3.1/../../../../arm-none-eabi/lib/thumb/v7e-m+fp/hard/libc_nano.a(lib_a-sbrkr.o)
 .ARM.attributes
                0x0000000000000666       0x34 /opt/st/stm32cubeide_1.7.0/plugins/com.st.stm32cube.ide.mcu.externaltools.gnu-tools-for-stm32.9-2020-q2-update.linux64_2.0.0.202105311346/tools/bin/../lib/gcc/arm-none-eabi/9.3.1/../../../../arm-none-eabi/lib/thumb/v7e-m+fp/hard/libc_nano.a(lib_a-mlock.o)
 .ARM.attributes
                0x000000000000069a       0x34 /opt/st/stm32cubeide_1.7.0/plugins/com.st.stm32cube.ide.mcu.externaltools.gnu-tools-for-stm32.9-2020-q2-update.linux64_2.0.0.202105311346/tools/bin/../lib/gcc/arm-none-eabi/9.3.1/../../../../arm-none-eabi/lib/thumb/v7e-m+fp/hard/libc_nano.a(lib_a-nano-msizer.o)
 .ARM.attributes
                0x00000000000006ce       0x34 /opt/st/stm32cubeide_1.7.0/plugins/com.st.stm32cube.ide.mcu.externaltools.gnu-tools-for-stm32.9-2020-q2-update.linux64_2.0.0.202105311346/tools/bin/../lib/gcc/arm-none-eabi/9.3.1/../../../../arm-none-eabi/lib/thumb/v7e-m+fp/hard/libc_nano.a(lib_a-reent.o)
 .ARM.attributes
                0x0000000000000702       0x34 /opt/st/stm32cubeide_1.7.0/plugins/com.st.stm32cube.ide.mcu.externaltools.gnu-tools-for-stm32.9-2020-q2-update.linux64_2.0.0.202105311346/tools/bin/../lib/gcc/arm-none-eabi/9.3.1/../../../../arm-none-eabi/lib/thumb/v7e-m+fp/hard/libc_nano.a(lib_a-lock.o)
 .ARM.attributes
                0x0000000000000736       0x1e /opt/st/stm32cubeide_1.7.0/plugins/com.st.stm32cube.ide.mcu.externaltools.gnu-tools-for-stm32.9-2020-q2-update.linux64_2.0.0.202105311346/tools/bin/../lib/gcc/arm-none-eabi/9.3.1/thumb/v7e-m+fp/hard/libgcc.a(_aeabi_uldivmod.o)
 .ARM.attributes
                0x0000000000000754       0x34 /opt/st/stm32cubeide_1.7.0/plugins/com.st.stm32cube.ide.mcu.externaltools.gnu-tools-for-stm32.9-2020-q2-update.linux64_2.0.0.202105311346/tools/bin/../lib/gcc/arm-none-eabi/9.3.1/thumb/v7e-m+fp/hard/libgcc.a(_udivmoddi4.o)
 .ARM.attributes
                0x0000000000000788       0x1e /opt/st/stm32cubeide_1.7.0/plugins/com.st.stm32cube.ide.mcu.externaltools.gnu-tools-for-stm32.9-2020-q2-update.linux64_2.0.0.202105311346/tools/bin/../lib/gcc/arm-none-eabi/9.3.1/thumb/v7e-m+fp/hard/libgcc.a(_dvmd_tls.o)
 .ARM.attributes
                0x00000000000007a6       0x1e /opt/st/stm32cubeide_1.7.0/plugins/com.st.stm32cube.ide.mcu.externaltools.gnu-tools-for-stm32.9-2020-q2-update.linux64_2.0.0.202105311346/tools/bin/../lib/gcc/arm-none-eabi/9.3.1/thumb/v7e-m+fp/hard/crtn.o
OUTPUT(clockgen.elf elf32-littlearm)
LOAD linker stubs
LOAD /opt/st/stm32cubeide_1.7.0/plugins/com.st.stm32cube.ide.mcu.externaltools.gnu-tools-for-stm32.9-2020-q2-update.linux64_2.0.0.202105311346/tools/bin/../lib/gcc/arm-none-eabi/9.3.1/../../../../arm-none-eabi/lib/thumb/v7e-m+fp/hard/libc.a
LOAD /opt/st/stm32cubeide_1.7.0/plugins/com.st.stm32cube.ide.mcu.externaltools.gnu-tools-for-stm32.9-2020-q2-update.linux64_2.0.0.202105311346/tools/bin/../lib/gcc/arm-none-eabi/9.3.1/../../../../arm-none-eabi/lib/thumb/v7e-m+fp/hard/libm.a
LOAD /opt/st/stm32cubeide_1.7.0/plugins/com.st.stm32cube.ide.mcu.externaltools.gnu-tools-for-stm32.9-2020-q2-update.linux64_2.0.0.202105311346/tools/bin/../lib/gcc/arm-none-eabi/9.3.1/thumb/v7e-m+fp/hard/libgcc.a

.comment        0x0000000000000000       0x53
 .comment       0x0000000000000000       0x53 ./Core/Src/fsm.o
                                         0x54 (size before relaxing)
 .comment       0x0000000000000053       0x54 ./Core/Src/main.o
 .comment       0x0000000000000053       0x54 ./Core/Src/stm32f4xx_hal_msp.o
 .comment       0x0000000000000053       0x54 ./Core/Src/stm32f4xx_it.o
 .comment       0x0000000000000053       0x54 ./Core/Src/sysmem.o
 .comment       0x0000000000000053       0x54 ./Core/Src/system_stm32f4xx.o
 .comment       0x0000000000000053       0x54 ./Core/Src/utils.o
 .comment       0x0000000000000053       0x54 ./Drivers/STM32F4xx_HAL_Driver/Src/stm32f4xx_hal.o
 .comment       0x0000000000000053       0x54 ./Drivers/STM32F4xx_HAL_Driver/Src/stm32f4xx_hal_cortex.o
 .comment       0x0000000000000053       0x54 ./Drivers/STM32F4xx_HAL_Driver/Src/stm32f4xx_hal_crc.o
 .comment       0x0000000000000053       0x54 ./Drivers/STM32F4xx_HAL_Driver/Src/stm32f4xx_hal_dma.o
 .comment       0x0000000000000053       0x54 ./Drivers/STM32F4xx_HAL_Driver/Src/stm32f4xx_hal_gpio.o
 .comment       0x0000000000000053       0x54 ./Drivers/STM32F4xx_HAL_Driver/Src/stm32f4xx_hal_rcc.o
 .comment       0x0000000000000053       0x54 ./Drivers/STM32F4xx_HAL_Driver/Src/stm32f4xx_hal_rcc_ex.o
 .comment       0x0000000000000053       0x54 ./Drivers/STM32F4xx_HAL_Driver/Src/stm32f4xx_hal_tim.o
 .comment       0x0000000000000053       0x54 ./Drivers/STM32F4xx_HAL_Driver/Src/stm32f4xx_hal_tim_ex.o
 .comment       0x0000000000000053       0x54 ./Drivers/STM32F4xx_HAL_Driver/Src/stm32f4xx_hal_uart.o

.debug_frame    0x0000000000000000      0x484
 .debug_frame   0x0000000000000000       0x20 /opt/st/stm32cubeide_1.7.0/plugins/com.st.stm32cube.ide.mcu.externaltools.gnu-tools-for-stm32.9-2020-q2-update.linux64_2.0.0.202105311346/tools/bin/../lib/gcc/arm-none-eabi/9.3.1/../../../../arm-none-eabi/lib/thumb/v7e-m+fp/hard/libc_nano.a(lib_a-errno.o)
 .debug_frame   0x0000000000000020       0x2c /opt/st/stm32cubeide_1.7.0/plugins/com.st.stm32cube.ide.mcu.externaltools.gnu-tools-for-stm32.9-2020-q2-update.linux64_2.0.0.202105311346/tools/bin/../lib/gcc/arm-none-eabi/9.3.1/../../../../arm-none-eabi/lib/thumb/v7e-m+fp/hard/libc_nano.a(lib_a-init.o)
 .debug_frame   0x000000000000004c       0x20 /opt/st/stm32cubeide_1.7.0/plugins/com.st.stm32cube.ide.mcu.externaltools.gnu-tools-for-stm32.9-2020-q2-update.linux64_2.0.0.202105311346/tools/bin/../lib/gcc/arm-none-eabi/9.3.1/../../../../arm-none-eabi/lib/thumb/v7e-m+fp/hard/libc_nano.a(lib_a-memset.o)
 .debug_frame   0x000000000000006c       0x4c /opt/st/stm32cubeide_1.7.0/plugins/com.st.stm32cube.ide.mcu.externaltools.gnu-tools-for-stm32.9-2020-q2-update.linux64_2.0.0.202105311346/tools/bin/../lib/gcc/arm-none-eabi/9.3.1/../../../../arm-none-eabi/lib/thumb/v7e-m+fp/hard/libc_nano.a(lib_a-vsnprintf.o)
 .debug_frame   0x00000000000000b8       0x90 /opt/st/stm32cubeide_1.7.0/plugins/com.st.stm32cube.ide.mcu.externaltools.gnu-tools-for-stm32.9-2020-q2-update.linux64_2.0.0.202105311346/tools/bin/../lib/gcc/arm-none-eabi/9.3.1/../../../../arm-none-eabi/lib/thumb/v7e-m+fp/hard/libc_nano.a(lib_a-nano-svfprintf.o)
 .debug_frame   0x0000000000000148       0x60 /opt/st/stm32cubeide_1.7.0/plugins/com.st.stm32cube.ide.mcu.externaltools.gnu-tools-for-stm32.9-2020-q2-update.linux64_2.0.0.202105311346/tools/bin/../lib/gcc/arm-none-eabi/9.3.1/../../../../arm-none-eabi/lib/thumb/v7e-m+fp/hard/libc_nano.a(lib_a-nano-vfprintf_i.o)
 .debug_frame   0x00000000000001a8       0x28 /opt/st/stm32cubeide_1.7.0/plugins/com.st.stm32cube.ide.mcu.externaltools.gnu-tools-for-stm32.9-2020-q2-update.linux64_2.0.0.202105311346/tools/bin/../lib/gcc/arm-none-eabi/9.3.1/../../../../arm-none-eabi/lib/thumb/v7e-m+fp/hard/libc_nano.a(lib_a-memcpy-stub.o)
 .debug_frame   0x00000000000001d0       0x28 /opt/st/stm32cubeide_1.7.0/plugins/com.st.stm32cube.ide.mcu.externaltools.gnu-tools-for-stm32.9-2020-q2-update.linux64_2.0.0.202105311346/tools/bin/../lib/gcc/arm-none-eabi/9.3.1/../../../../arm-none-eabi/lib/thumb/v7e-m+fp/hard/libc_nano.a(lib_a-memmove.o)
 .debug_frame   0x00000000000001f8       0x38 /opt/st/stm32cubeide_1.7.0/plugins/com.st.stm32cube.ide.mcu.externaltools.gnu-tools-for-stm32.9-2020-q2-update.linux64_2.0.0.202105311346/tools/bin/../lib/gcc/arm-none-eabi/9.3.1/../../../../arm-none-eabi/lib/thumb/v7e-m+fp/hard/libc_nano.a(lib_a-nano-freer.o)
 .debug_frame   0x0000000000000230       0x30 /opt/st/stm32cubeide_1.7.0/plugins/com.st.stm32cube.ide.mcu.externaltools.gnu-tools-for-stm32.9-2020-q2-update.linux64_2.0.0.202105311346/tools/bin/../lib/gcc/arm-none-eabi/9.3.1/../../../../arm-none-eabi/lib/thumb/v7e-m+fp/hard/libc_nano.a(lib_a-nano-mallocr.o)
 .debug_frame   0x0000000000000260       0x3c /opt/st/stm32cubeide_1.7.0/plugins/com.st.stm32cube.ide.mcu.externaltools.gnu-tools-for-stm32.9-2020-q2-update.linux64_2.0.0.202105311346/tools/bin/../lib/gcc/arm-none-eabi/9.3.1/../../../../arm-none-eabi/lib/thumb/v7e-m+fp/hard/libc_nano.a(lib_a-nano-reallocr.o)
 .debug_frame   0x000000000000029c       0x2c /opt/st/stm32cubeide_1.7.0/plugins/com.st.stm32cube.ide.mcu.externaltools.gnu-tools-for-stm32.9-2020-q2-update.linux64_2.0.0.202105311346/tools/bin/../lib/gcc/arm-none-eabi/9.3.1/../../../../arm-none-eabi/lib/thumb/v7e-m+fp/hard/libc_nano.a(lib_a-sbrkr.o)
 .debug_frame   0x00000000000002c8       0x30 /opt/st/stm32cubeide_1.7.0/plugins/com.st.stm32cube.ide.mcu.externaltools.gnu-tools-for-stm32.9-2020-q2-update.linux64_2.0.0.202105311346/tools/bin/../lib/gcc/arm-none-eabi/9.3.1/../../../../arm-none-eabi/lib/thumb/v7e-m+fp/hard/libc_nano.a(lib_a-mlock.o)
 .debug_frame   0x00000000000002f8       0x20 /opt/st/stm32cubeide_1.7.0/plugins/com.st.stm32cube.ide.mcu.externaltools.gnu-tools-for-stm32.9-2020-q2-update.linux64_2.0.0.202105311346/tools/bin/../lib/gcc/arm-none-eabi/9.3.1/../../../../arm-none-eabi/lib/thumb/v7e-m+fp/hard/libc_nano.a(lib_a-nano-msizer.o)
 .debug_frame   0x0000000000000318       0x5c /opt/st/stm32cubeide_1.7.0/plugins/com.st.stm32cube.ide.mcu.externaltools.gnu-tools-for-stm32.9-2020-q2-update.linux64_2.0.0.202105311346/tools/bin/../lib/gcc/arm-none-eabi/9.3.1/../../../../arm-none-eabi/lib/thumb/v7e-m+fp/hard/libc_nano.a(lib_a-reent.o)
 .debug_frame   0x0000000000000374       0xb0 /opt/st/stm32cubeide_1.7.0/plugins/com.st.stm32cube.ide.mcu.externaltools.gnu-tools-for-stm32.9-2020-q2-update.linux64_2.0.0.202105311346/tools/bin/../lib/gcc/arm-none-eabi/9.3.1/../../../../arm-none-eabi/lib/thumb/v7e-m+fp/hard/libc_nano.a(lib_a-lock.o)
 .debug_frame   0x0000000000000424       0x2c /opt/st/stm32cubeide_1.7.0/plugins/com.st.stm32cube.ide.mcu.externaltools.gnu-tools-for-stm32.9-2020-q2-update.linux64_2.0.0.202105311346/tools/bin/../lib/gcc/arm-none-eabi/9.3.1/thumb/v7e-m+fp/hard/libgcc.a(_aeabi_uldivmod.o)
 .debug_frame   0x0000000000000450       0x34 /opt/st/stm32cubeide_1.7.0/plugins/com.st.stm32cube.ide.mcu.externaltools.gnu-tools-for-stm32.9-2020-q2-update.linux64_2.0.0.202105311346/tools/bin/../lib/gcc/arm-none-eabi/9.3.1/thumb/v7e-m+fp/hard/libgcc.a(_udivmoddi4.o)
